Microsoft (R) Macro Assembler Version 14.33.31629.0	    10/02/22 13:46:53
AddTwo.asm						     Page 1 - 1


				; AddTwo.asm - adds two 32-bit integers.
				; Chapter 3 example

				.386
				.model flat,stdcall
				.stack 4096
				ExitProcess proto,dwExitCode:dword
 00000000			.data
 00000000 00000011			valA DWORD 17
 00000004 00000006			valB DWORD 6
 00000008 00000009			valC DWORD 9
 0000000C 00000003			valD DWORD 3
 00000010 00000000			op1 DWORD 0
 00000014 00000000			op2 DWORD 0
 00000018 00000000			result DWORD 0
 00000000			.code
 00000000			main proc
					; store in register
 00000000  A1 00000000 R		mov EAX,valA
 00000005  8B 1D 00000004 R		mov EBX,valB
 0000000B  8B 0D 00000008 R		mov ECX,valC
 00000011  8B 15 0000000C R		mov EDX,valD
					; perform operations
 00000017  03 C3			add EAX,EBX
 00000019  03 CA			add ECX,EDX
 0000001B  2B C1			sub EAX,ECX
					; result of A = (A + B) ? (C + D).
 0000001D  A3 00000018 R		mov result,EAX
					invoke ExitProcess,0
 00000022  6A 00	   *	    push   +000000000h
 00000024  E8 00000000 E   *	    call   ExitProcess
 00000029			main endp
				end main
Microsoft (R) Macro Assembler Version 14.33.31629.0	    10/02/22 13:46:53
AddTwo.asm						     Symbols 2 - 1




Segments and Groups:

                N a m e                 Size     Length   Align   Combine Class

FLAT . . . . . . . . . . . . . .	GROUP
STACK  . . . . . . . . . . . . .	32 Bit	 00001000 DWord	  Stack	  'STACK'	 
_DATA  . . . . . . . . . . . . .	32 Bit	 0000001C DWord	  Public  'DATA'	
_TEXT  . . . . . . . . . . . . .	32 Bit	 00000029 DWord	  Public  'CODE'	


Procedures, parameters, and locals:

                N a m e                 Type     Value    Attr

ExitProcess  . . . . . . . . . .	P Near	 00000000 FLAT	Length= 00000000 External STDCALL
main . . . . . . . . . . . . . .	P Near	 00000000 _TEXT	Length= 00000029 Public STDCALL


Symbols:

                N a m e                 Type     Value    Attr

@CodeSize  . . . . . . . . . . .	Number	 00000000h   
@DataSize  . . . . . . . . . . .	Number	 00000000h   
@Interface . . . . . . . . . . .	Number	 00000003h   
@Model . . . . . . . . . . . . .	Number	 00000007h   
@code  . . . . . . . . . . . . .	Text   	 _TEXT
@data  . . . . . . . . . . . . .	Text   	 FLAT
@fardata?  . . . . . . . . . . .	Text   	 FLAT
@fardata . . . . . . . . . . . .	Text   	 FLAT
@stack . . . . . . . . . . . . .	Text   	 FLAT
op1  . . . . . . . . . . . . . .	DWord	 00000010 _DATA	
op2  . . . . . . . . . . . . . .	DWord	 00000014 _DATA	
result . . . . . . . . . . . . .	DWord	 00000018 _DATA	
valA . . . . . . . . . . . . . .	DWord	 00000000 _DATA	
valB . . . . . . . . . . . . . .	DWord	 00000004 _DATA	
valC . . . . . . . . . . . . . .	DWord	 00000008 _DATA	
valD . . . . . . . . . . . . . .	DWord	 0000000C _DATA	

	   0 Warnings
	   0 Errors
