Microsoft (R) Macro Assembler Version 14.33.31629.0	    10/31/22 09:28:31
AddTwo.asm						     Page 1 - 1


				; AddTwo.asm - adds two 32-bit integers.
				; Chapter 3 example

				.386
				.model flat,stdcall
				.stack 4096
				ExitProcess proto,dwExitCode:dword
 00000000			.data
 00000000 0A 14 1E 28			list BYTE 10,20,30,40
 00000004 54 68 69 73 20		myString BYTE "This is a long string."
	   69 73 20 61 20
	   6C 6F 6E 67 20
	   73 74 72 69 6E
	   67 2E
 0000001A  00000014 [			Var2 BYTE 20 DUP(?)
	    00
	   ]
 0000002E = 0000002A			ListSize = ($ - myString)
 = 0000000A				count=10
 00000000			.code
 00000000			main proc
 00000000  B8 0000000A			mov eax,count
 00000005  B8 00000001			mov	eax,1
 0000000A  66| B8 0005		    mov ax,5
 0000000E  B4 03			mov ah,3
 00000010  66| B8 0002			mov ax,2
 00000014  83 C0 06			add	eax,6			
					invoke ExitProcess,0
 00000017  6A 00	   *	    push   +000000000h
 00000019  E8 00000000 E   *	    call   ExitProcess
 0000001E			main endp
				end main
Microsoft (R) Macro Assembler Version 14.33.31629.0	    10/31/22 09:28:31
AddTwo.asm						     Symbols 2 - 1




Segments and Groups:

                N a m e                 Size     Length   Align   Combine Class

FLAT . . . . . . . . . . . . . .	GROUP
STACK  . . . . . . . . . . . . .	32 Bit	 00001000 DWord	  Stack	  'STACK'	 
_DATA  . . . . . . . . . . . . .	32 Bit	 0000002E DWord	  Public  'DATA'	
_TEXT  . . . . . . . . . . . . .	32 Bit	 0000001E DWord	  Public  'CODE'	


Procedures, parameters, and locals:

                N a m e                 Type     Value    Attr

ExitProcess  . . . . . . . . . .	P Near	 00000000 FLAT	Length= 00000000 External STDCALL
main . . . . . . . . . . . . . .	P Near	 00000000 _TEXT	Length= 0000001E Public STDCALL


Symbols:

                N a m e                 Type     Value    Attr

@CodeSize  . . . . . . . . . . .	Number	 00000000h   
@DataSize  . . . . . . . . . . .	Number	 00000000h   
@Interface . . . . . . . . . . .	Number	 00000003h   
@Model . . . . . . . . . . . . .	Number	 00000007h   
@code  . . . . . . . . . . . . .	Text   	 _TEXT
@data  . . . . . . . . . . . . .	Text   	 FLAT
@fardata?  . . . . . . . . . . .	Text   	 FLAT
@fardata . . . . . . . . . . . .	Text   	 FLAT
@stack . . . . . . . . . . . . .	Text   	 FLAT
ListSize . . . . . . . . . . . .	Number	 0000002Ah   
Var2 . . . . . . . . . . . . . .	Byte	 0000001A _DATA	
count  . . . . . . . . . . . . .	Number	 0000000Ah   
list . . . . . . . . . . . . . .	Byte	 00000000 _DATA	
myString . . . . . . . . . . . .	Byte	 00000004 _DATA	

	   0 Warnings
	   0 Errors
